21:38:47.916 644  [main] INFO  Configurator.<clinit> n.fortuna.ical4j.util.Configurator - ical4j.properties not found.
21:38:54.238 6966 [main] INFO  RaplaBootstrapLogger.logViaSlf4j rapla - Logging via SLF4J API.
21:38:54.399 7127 [main] INFO  FileOperator.connect rapla - Connecting: file:/tmp/junit-6307305605433547276/rapla-data.xml
21:38:54.703 7431 [main] INFO  ConflictFinder.<init> rapla - Conflict initialization found 0 conflicts and took 5ms. 
21:38:54.950 7678 [main] INFO  RaplaBootstrapLogger.logViaSlf4j rapla - Logging via SLF4J API.
21:38:55.072 7800 [main] INFO  FileOperator.connect rapla - Connecting: file:/tmp/junit-7651882815797974888/rapla-data.xml
21:38:55.177 7905 [main] INFO  ConflictFinder.<init> rapla - Conflict initialization found 0 conflicts and took 1ms. 
21:38:55.272 8000 [main] INFO  RaplaBootstrapLogger.logViaSlf4j rapla - Logging via SLF4J API.
21:38:55.411 8139 [main] INFO  FileOperator.connect rapla - Connecting: file:/tmp/junit-16328974092290349212/rapla-data.xml
21:38:55.497 8225 [main] INFO  ConflictFinder.<init> rapla - Conflict initialization found 0 conflicts and took 1ms. 
21:38:55.601 8329 [main] INFO  RaplaBootstrapLogger.logViaSlf4j rapla - Logging via SLF4J API.
21:38:55.754 8482 [main] INFO  FileOperator.connect rapla - Connecting: file:/tmp/junit-12691494782986545291/rapla-data.xml
21:38:55.826 8554 [main] INFO  ConflictFinder.<init> rapla - Conflict initialization found 0 conflicts and took 1ms. 
21:38:55.888 8616 [main] INFO  RaplaBootstrapLogger.logViaSlf4j rapla - Logging via SLF4J API.
21:38:56.023 8751 [main] INFO  FileOperator.connect rapla - Connecting: file:/tmp/junit-11648823600183140292/rapla-data.xml
21:38:56.090 8818 [main] INFO  ConflictFinder.<init> rapla - Conflict initialization found 0 conflicts and took 0ms. 
21:38:56.150 8878 [main] INFO  RaplaBootstrapLogger.logViaSlf4j rapla - Logging via SLF4J API.
21:38:56.293 9021 [main] INFO  FileOperator.connect rapla - Connecting: file:/tmp/junit-14476136763868863750/rapla-data.xml
21:38:56.397 9125 [main] INFO  ConflictFinder.<init> rapla - Conflict initialization found 0 conflicts and took 1ms. 
21:40:15.827 807  [main] INFO  Configurator.<clinit> n.fortuna.ical4j.util.Configurator - ical4j.properties not found.
21:40:24.279 9259 [main] INFO  RaplaBootstrapLogger.logViaSlf4j rapla - Logging via SLF4J API.
21:40:24.530 9510 [main] INFO  FileOperator.connect rapla - Connecting: file:/tmp/junit-14811805623377099623/rapla-data.xml
21:40:25.045 10025 [main] INFO  ConflictFinder.<init> rapla - Conflict initialization found 0 conflicts and took 7ms. 
21:40:25.448 10428 [main] INFO  RaplaBootstrapLogger.logViaSlf4j rapla - Logging via SLF4J API.
21:40:25.787 10767 [main] INFO  FileOperator.connect rapla - Connecting: file:/tmp/junit-1530018396139726695/rapla-data.xml
21:40:26.088 11068 [main] INFO  ConflictFinder.<init> rapla - Conflict initialization found 0 conflicts and took 5ms. 
21:40:26.305 11285 [main] INFO  RaplaBootstrapLogger.logViaSlf4j rapla - Logging via SLF4J API.
21:40:26.582 11562 [main] INFO  FileOperator.connect rapla - Connecting: file:/tmp/junit-13842418294566893683/rapla-data.xml
21:40:26.860 11840 [main] INFO  ConflictFinder.<init> rapla - Conflict initialization found 0 conflicts and took 1ms. 
21:40:27.319 12299 [main] INFO  RaplaBootstrapLogger.logViaSlf4j rapla - Logging via SLF4J API.
21:40:27.862 12842 [main] INFO  FileOperator.connect rapla - Connecting: file:/tmp/junit-122903728015853676/rapla-data.xml
21:40:28.149 13129 [main] INFO  ConflictFinder.<init> rapla - Conflict initialization found 0 conflicts and took 2ms. 
21:40:28.392 13372 [main] INFO  RaplaBootstrapLogger.logViaSlf4j rapla - Logging via SLF4J API.
21:40:28.965 13945 [main] INFO  FileOperator.connect rapla - Connecting: file:/tmp/junit-16866768605452650936/rapla-data.xml
21:40:29.564 14544 [main] INFO  ConflictFinder.<init> rapla - Conflict initialization found 0 conflicts and took 1ms. 
21:40:29.949 14929 [main] INFO  RaplaBootstrapLogger.logViaSlf4j rapla - Logging via SLF4J API.
21:40:30.318 15298 [main] INFO  FileOperator.connect rapla - Connecting: file:/tmp/junit-4649055480833835251/rapla-data.xml
21:40:30.514 15494 [main] INFO  ConflictFinder.<init> rapla - Conflict initialization found 0 conflicts and took 1ms. 
21:40:30.662 15642 [main] INFO  RaplaBootstrapLogger.logViaSlf4j rapla - Logging via SLF4J API.
21:40:32.656 17636 [main] INFO  RaplaBootstrapLogger.logViaSlf4j rapla - Logging via SLF4J API.
21:40:32.666 17646 [Thread-18] INFO  ConcurrentTests$MyRunnable.run rapla - T1 start reading
21:40:32.668 17648 [Thread-18] INFO  ConcurrentTests$MyRunnable.run rapla - T1 read table 1 2026-05-09 18:40:32.661
21:40:32.866 17846 [Thread-19] INFO  ConcurrentTests$5.run rapla - T2 start writing
21:40:32.867 17847 [Thread-19] INFO  ConcurrentTests$5.run rapla - T2 updating table 1
21:40:35.670 20650 [Thread-18] INFO  ConcurrentTests$MyRunnable.run rapla - T1 read table 2 2026-05-09 18:40:32.661
21:40:35.671 20651 [Thread-19] INFO  ConcurrentTests$5.run rapla - T2 updated table 1 2026-05-09 21:40:32.866
21:40:35.672 20652 [Thread-19] INFO  ConcurrentTests$5.run rapla - T2 updating table 2
21:40:35.673 20653 [Thread-18] INFO  ConcurrentTests$MyRunnable.run rapla - T1 read table 2 again 2026-05-09 18:40:32.661
21:40:35.674 20654 [Thread-19] INFO  ConcurrentTests$5.run rapla - T2 updated table 22026-05-09 21:40:32.866
21:40:35.674 20654 [Thread-19] INFO  ConcurrentTests$5.run rapla - T2 commited
21:40:35.679 20659 [main] INFO  RaplaBootstrapLogger.logViaSlf4j rapla - Logging via SLF4J API.
21:40:36.400 21380 [main] INFO  RaplaBootstrapLogger.logViaSlf4j rapla - Logging via SLF4J API.
21:40:36.924 21904 [main] INFO  RaplaBootstrapLogger.logViaSlf4j rapla - Logging via SLF4J API.
21:40:37.654 22634 [main] INFO  RaplaBootstrapLogger.logViaSlf4j rapla - Logging via SLF4J API.
22:16:10.832 942  [main] INFO  Configurator.<clinit> n.fortuna.ical4j.util.Configurator - ical4j.properties not found.
22:16:17.277 7387 [main] INFO  RaplaBootstrapLogger.logViaSlf4j rapla - Logging via SLF4J API.
22:16:17.464 7574 [main] INFO  FileOperator.connect rapla - Connecting: file:/tmp/junit-15756425270366724605/rapla-data.xml
22:16:17.743 7853 [main] INFO  ConflictFinder.<init> rapla - Conflict initialization found 0 conflicts and took 3ms. 
22:16:18.021 8131 [main] INFO  RaplaBootstrapLogger.logViaSlf4j rapla - Logging via SLF4J API.
22:16:18.123 8233 [main] INFO  FileOperator.connect rapla - Connecting: file:/tmp/junit-8991701327032835646/rapla-data.xml
22:16:18.210 8320 [main] INFO  ConflictFinder.<init> rapla - Conflict initialization found 0 conflicts and took 0ms. 
22:16:18.280 8390 [main] INFO  RaplaBootstrapLogger.logViaSlf4j rapla - Logging via SLF4J API.
22:16:18.394 8504 [main] INFO  FileOperator.connect rapla - Connecting: file:/tmp/junit-1527026672247082523/rapla-data.xml
22:16:18.480 8590 [main] INFO  ConflictFinder.<init> rapla - Conflict initialization found 0 conflicts and took 1ms. 
22:16:18.565 8675 [main] INFO  RaplaBootstrapLogger.logViaSlf4j rapla - Logging via SLF4J API.
22:16:18.686 8796 [main] INFO  FileOperator.connect rapla - Connecting: file:/tmp/junit-4622442855268046206/rapla-data.xml
22:16:18.755 8865 [main] INFO  ConflictFinder.<init> rapla - Conflict initialization found 0 conflicts and took 0ms. 
22:16:18.815 8925 [main] INFO  RaplaBootstrapLogger.logViaSlf4j rapla - Logging via SLF4J API.
22:16:18.923 9033 [main] INFO  FileOperator.connect rapla - Connecting: file:/tmp/junit-12021928083347655538/rapla-data.xml
22:16:18.993 9103 [main] INFO  ConflictFinder.<init> rapla - Conflict initialization found 0 conflicts and took 1ms. 
22:16:19.059 9169 [main] INFO  RaplaBootstrapLogger.logViaSlf4j rapla - Logging via SLF4J API.
22:16:19.166 9276 [main] INFO  FileOperator.connect rapla - Connecting: file:/tmp/junit-15866507813064578360/rapla-data.xml
22:16:19.235 9345 [main] INFO  ConflictFinder.<init> rapla - Conflict initialization found 0 conflicts and took 1ms. 
22:16:19.293 9403 [main] INFO  RaplaBootstrapLogger.logViaSlf4j rapla - Logging via SLF4J API.
22:16:20.738 10848 [main] INFO  RaplaBootstrapLogger.logViaSlf4j rapla - Logging via SLF4J API.
22:16:20.745 10855 [Thread-18] INFO  ConcurrentTests$MyRunnable.run rapla - T1 start reading
22:16:20.747 10857 [Thread-18] INFO  ConcurrentTests$MyRunnable.run rapla - T1 read table 1 2026-05-09 19:16:20.741
22:16:20.945 11055 [Thread-19] INFO  ConcurrentTests$5.run rapla - T2 start writing
22:16:20.947 11057 [Thread-19] INFO  ConcurrentTests$5.run rapla - T2 updating table 1
22:16:23.749 13859 [Thread-18] INFO  ConcurrentTests$MyRunnable.run rapla - T1 read table 2 2026-05-09 19:16:20.741
22:16:23.750 13860 [Thread-19] INFO  ConcurrentTests$5.run rapla - T2 updated table 1 2026-05-09 22:16:20.946
22:16:23.751 13861 [Thread-19] INFO  ConcurrentTests$5.run rapla - T2 updating table 2
22:16:23.752 13862 [Thread-19] INFO  ConcurrentTests$5.run rapla - T2 updated table 22026-05-09 22:16:20.946
22:16:23.753 13863 [Thread-19] INFO  ConcurrentTests$5.run rapla - T2 commited
22:16:23.753 13863 [Thread-18] INFO  ConcurrentTests$MyRunnable.run rapla - T1 read table 2 again 2026-05-09 19:16:20.741
22:16:23.757 13867 [main] INFO  RaplaBootstrapLogger.logViaSlf4j rapla - Logging via SLF4J API.
22:16:24.469 14579 [main] INFO  RaplaBootstrapLogger.logViaSlf4j rapla - Logging via SLF4J API.
22:16:24.990 15100 [main] INFO  RaplaBootstrapLogger.logViaSlf4j rapla - Logging via SLF4J API.
22:16:25.721 15831 [main] INFO  RaplaBootstrapLogger.logViaSlf4j rapla - Logging via SLF4J API.
22:19:25.624 1109 [main] INFO  Configurator.<clinit> n.fortuna.ical4j.util.Configurator - ical4j.properties not found.
22:19:33.172 8657 [main] INFO  RaplaBootstrapLogger.logViaSlf4j rapla - Logging via SLF4J API.
22:19:33.607 9092 [main] INFO  FileOperator.connect rapla - Connecting: file:/tmp/junit-13879715428028062781/rapla-data.xml
22:19:34.341 9826 [main] INFO  ConflictFinder.<init> rapla - Conflict initialization found 0 conflicts and took 4ms. 
22:19:34.751 10236 [main] INFO  RaplaBootstrapLogger.logViaSlf4j rapla - Logging via SLF4J API.
22:19:34.915 10400 [main] INFO  FileOperator.connect rapla - Connecting: file:/tmp/junit-94053093500925211/rapla-data.xml
22:19:35.048 10533 [main] INFO  ConflictFinder.<init> rapla - Conflict initialization found 0 conflicts and took 1ms. 
22:19:35.267 10752 [main] INFO  RaplaBootstrapLogger.logViaSlf4j rapla - Logging via SLF4J API.
22:19:35.459 10944 [main] INFO  FileOperator.connect rapla - Connecting: file:/tmp/junit-1126936688046148845/rapla-data.xml
22:19:35.563 11048 [main] INFO  ConflictFinder.<init> rapla - Conflict initialization found 0 conflicts and took 1ms. 
22:19:35.678 11163 [main] INFO  RaplaBootstrapLogger.logViaSlf4j rapla - Logging via SLF4J API.
22:19:35.815 11300 [main] INFO  FileOperator.connect rapla - Connecting: file:/tmp/junit-16602241600700417687/rapla-data.xml
22:19:35.900 11385 [main] INFO  ConflictFinder.<init> rapla - Conflict initialization found 0 conflicts and took 0ms. 
22:19:35.957 11442 [main] INFO  RaplaBootstrapLogger.logViaSlf4j rapla - Logging via SLF4J API.
22:19:36.126 11611 [main] INFO  FileOperator.connect rapla - Connecting: file:/tmp/junit-3894607144075490870/rapla-data.xml
22:19:36.208 11693 [main] INFO  ConflictFinder.<init> rapla - Conflict initialization found 0 conflicts and took 1ms. 
22:19:36.287 11772 [main] INFO  RaplaBootstrapLogger.logViaSlf4j rapla - Logging via SLF4J API.
22:19:36.410 11895 [main] INFO  FileOperator.connect rapla - Connecting: file:/tmp/junit-13313404232747407657/rapla-data.xml
22:19:36.491 11976 [main] INFO  ConflictFinder.<init> rapla - Conflict initialization found 0 conflicts and took 1ms. 
22:19:36.590 12075 [main] INFO  RaplaBootstrapLogger.logViaSlf4j rapla - Logging via SLF4J API.
22:19:38.167 13652 [main] INFO  RaplaBootstrapLogger.logViaSlf4j rapla - Logging via SLF4J API.
22:19:38.175 13660 [Thread-18] INFO  ConcurrentTests$MyRunnable.run rapla - T1 start reading
22:19:38.188 13673 [Thread-18] INFO  ConcurrentTests$MyRunnable.run rapla - T1 read table 1 2026-05-09 19:19:38.172
22:19:38.375 13860 [Thread-19] INFO  ConcurrentTests$5.run rapla - T2 start writing
22:19:38.388 13873 [Thread-19] INFO  ConcurrentTests$5.run rapla - T2 updating table 1
22:19:41.191 16676 [Thread-18] INFO  ConcurrentTests$MyRunnable.run rapla - T1 read table 2 2026-05-09 19:19:38.172
22:19:41.192 16677 [Thread-19] INFO  ConcurrentTests$5.run rapla - T2 updated table 1 2026-05-09 22:19:38.38
22:19:41.193 16678 [Thread-19] INFO  ConcurrentTests$5.run rapla - T2 updating table 2
22:19:41.193 16678 [Thread-18] INFO  ConcurrentTests$MyRunnable.run rapla - T1 read table 2 again 2026-05-09 19:19:38.172
22:19:41.194 16679 [Thread-19] INFO  ConcurrentTests$5.run rapla - T2 updated table 22026-05-09 22:19:38.38
22:19:41.194 16679 [Thread-19] INFO  ConcurrentTests$5.run rapla - T2 commited
22:19:41.200 16685 [main] INFO  RaplaBootstrapLogger.logViaSlf4j rapla - Logging via SLF4J API.
22:19:41.929 17414 [main] INFO  RaplaBootstrapLogger.logViaSlf4j rapla - Logging via SLF4J API.
22:19:42.456 17941 [main] INFO  RaplaBootstrapLogger.logViaSlf4j rapla - Logging via SLF4J API.
22:19:43.186 18671 [main] INFO  RaplaBootstrapLogger.logViaSlf4j rapla - Logging via SLF4J API.
22:21:38.410 675  [main] INFO  Configurator.<clinit> n.fortuna.ical4j.util.Configurator - ical4j.properties not found.
22:21:42.083 4348 [main] INFO  RaplaBootstrapLogger.logViaSlf4j rapla - Logging via SLF4J API.
22:21:42.226 4491 [main] INFO  FileOperator.connect rapla - Connecting: file:/tmp/junit-3677560556054941475/rapla-data.xml
22:21:42.525 4790 [main] INFO  ConflictFinder.<init> rapla - Conflict initialization found 0 conflicts and took 3ms. 
22:21:42.807 5072 [main] INFO  RaplaBootstrapLogger.logViaSlf4j rapla - Logging via SLF4J API.
22:21:42.932 5197 [main] INFO  FileOperator.connect rapla - Connecting: file:/tmp/junit-3451928154581698939/rapla-data.xml
22:21:43.032 5297 [main] INFO  ConflictFinder.<init> rapla - Conflict initialization found 0 conflicts and took 0ms. 
22:21:43.117 5382 [main] INFO  RaplaBootstrapLogger.logViaSlf4j rapla - Logging via SLF4J API.
22:21:43.241 5506 [main] INFO  FileOperator.connect rapla - Connecting: file:/tmp/junit-1998616565154595308/rapla-data.xml
22:21:43.325 5590 [main] INFO  ConflictFinder.<init> rapla - Conflict initialization found 0 conflicts and took 0ms. 
22:21:43.395 5660 [main] INFO  RaplaBootstrapLogger.logViaSlf4j rapla - Logging via SLF4J API.
22:21:43.510 5775 [main] INFO  FileOperator.connect rapla - Connecting: file:/tmp/junit-17669765962378583956/rapla-data.xml
22:21:43.601 5866 [main] INFO  ConflictFinder.<init> rapla - Conflict initialization found 0 conflicts and took 0ms. 
22:21:43.674 5939 [main] INFO  RaplaBootstrapLogger.logViaSlf4j rapla - Logging via SLF4J API.
22:21:43.793 6058 [main] INFO  FileOperator.connect rapla - Connecting: file:/tmp/junit-3239007936793178060/rapla-data.xml
22:21:43.864 6129 [main] INFO  ConflictFinder.<init> rapla - Conflict initialization found 0 conflicts and took 1ms. 
22:21:43.917 6182 [main] INFO  RaplaBootstrapLogger.logViaSlf4j rapla - Logging via SLF4J API.
22:21:44.033 6298 [main] INFO  FileOperator.connect rapla - Connecting: file:/tmp/junit-6384568059743360524/rapla-data.xml
22:21:44.113 6378 [main] INFO  ConflictFinder.<init> rapla - Conflict initialization found 0 conflicts and took 1ms. 
22:21:44.182 6447 [main] INFO  RaplaBootstrapLogger.logViaSlf4j rapla - Logging via SLF4J API.
22:21:45.556 7821 [main] INFO  RaplaBootstrapLogger.logViaSlf4j rapla - Logging via SLF4J API.
22:21:45.565 7830 [Thread-18] INFO  ConcurrentTests$MyRunnable.run rapla - T1 start reading
22:21:45.567 7832 [Thread-18] INFO  ConcurrentTests$MyRunnable.run rapla - T1 read table 1 2026-05-09 19:21:45.561
22:21:45.765 8030 [Thread-19] INFO  ConcurrentTests$5.run rapla - T2 start writing
22:21:45.766 8031 [Thread-19] INFO  ConcurrentTests$5.run rapla - T2 updating table 1
22:21:48.569 10834 [Thread-18] INFO  ConcurrentTests$MyRunnable.run rapla - T1 read table 2 2026-05-09 19:21:45.561
22:21:48.570 10835 [Thread-19] INFO  ConcurrentTests$5.run rapla - T2 updated table 1 2026-05-09 22:21:45.766
22:21:48.572 10837 [Thread-19] INFO  ConcurrentTests$5.run rapla - T2 updating table 2
22:21:48.572 10837 [Thread-18] INFO  ConcurrentTests$MyRunnable.run rapla - T1 read table 2 again 2026-05-09 19:21:45.561
22:21:48.574 10839 [Thread-19] INFO  ConcurrentTests$5.run rapla - T2 updated table 22026-05-09 22:21:45.766
22:21:48.575 10840 [Thread-19] INFO  ConcurrentTests$5.run rapla - T2 commited
22:21:48.588 10853 [main] INFO  RaplaBootstrapLogger.logViaSlf4j rapla - Logging via SLF4J API.
22:21:49.310 11575 [main] INFO  RaplaBootstrapLogger.logViaSlf4j rapla - Logging via SLF4J API.
22:21:49.828 12093 [main] INFO  RaplaBootstrapLogger.logViaSlf4j rapla - Logging via SLF4J API.
22:21:50.569 12834 [main] INFO  RaplaBootstrapLogger.logViaSlf4j rapla - Logging via SLF4J API.
22:23:59.197 724  [main] INFO  Configurator.<clinit> n.fortuna.ical4j.util.Configurator - ical4j.properties not found.
22:24:04.349 5876 [main] INFO  RaplaBootstrapLogger.logViaSlf4j rapla - Logging via SLF4J API.
22:24:04.502 6029 [main] INFO  FileOperator.connect rapla - Connecting: file:/tmp/junit-395297727129907407/rapla-data.xml
22:24:04.793 6320 [main] INFO  ConflictFinder.<init> rapla - Conflict initialization found 0 conflicts and took 3ms. 
22:24:05.071 6598 [main] INFO  RaplaBootstrapLogger.logViaSlf4j rapla - Logging via SLF4J API.
22:24:05.201 6728 [main] INFO  FileOperator.connect rapla - Connecting: file:/tmp/junit-11219263219044875493/rapla-data.xml
22:24:05.303 6830 [main] INFO  ConflictFinder.<init> rapla - Conflict initialization found 0 conflicts and took 0ms. 
22:24:05.397 6924 [main] INFO  RaplaBootstrapLogger.logViaSlf4j rapla - Logging via SLF4J API.
22:24:05.519 7046 [main] INFO  FileOperator.connect rapla - Connecting: file:/tmp/junit-14446156285705783466/rapla-data.xml
22:24:05.640 7167 [main] INFO  ConflictFinder.<init> rapla - Conflict initialization found 0 conflicts and took 1ms. 
22:24:05.727 7254 [main] INFO  RaplaBootstrapLogger.logViaSlf4j rapla - Logging via SLF4J API.
22:24:05.847 7374 [main] INFO  FileOperator.connect rapla - Connecting: file:/tmp/junit-10908921944884528709/rapla-data.xml
22:24:05.934 7461 [main] INFO  ConflictFinder.<init> rapla - Conflict initialization found 0 conflicts and took 0ms. 
22:24:06.008 7535 [main] INFO  RaplaBootstrapLogger.logViaSlf4j rapla - Logging via SLF4J API.
22:24:06.130 7657 [main] INFO  FileOperator.connect rapla - Connecting: file:/tmp/junit-12112658518769492317/rapla-data.xml
22:24:06.204 7731 [main] INFO  ConflictFinder.<init> rapla - Conflict initialization found 0 conflicts and took 0ms. 
22:24:06.271 7798 [main] INFO  RaplaBootstrapLogger.logViaSlf4j rapla - Logging via SLF4J API.
22:24:06.394 7921 [main] INFO  FileOperator.connect rapla - Connecting: file:/tmp/junit-1226246315812407667/rapla-data.xml
22:24:06.466 7993 [main] INFO  ConflictFinder.<init> rapla - Conflict initialization found 0 conflicts and took 0ms. 
22:24:06.531 8058 [main] INFO  RaplaBootstrapLogger.logViaSlf4j rapla - Logging via SLF4J API.
22:24:07.933 9460 [main] INFO  RaplaBootstrapLogger.logViaSlf4j rapla - Logging via SLF4J API.
22:24:07.940 9467 [Thread-18] INFO  ConcurrentTests$MyRunnable.run rapla - T1 start reading
22:24:07.943 9470 [Thread-18] INFO  ConcurrentTests$MyRunnable.run rapla - T1 read table 1 2026-05-09 19:24:07.936
22:24:08.140 9667 [Thread-19] INFO  ConcurrentTests$5.run rapla - T2 start writing
22:24:08.143 9670 [Thread-19] INFO  ConcurrentTests$5.run rapla - T2 updating table 1
22:24:10.944 12471 [Thread-18] INFO  ConcurrentTests$MyRunnable.run rapla - T1 read table 2 2026-05-09 19:24:07.936
22:24:10.945 12472 [Thread-19] INFO  ConcurrentTests$5.run rapla - T2 updated table 1 2026-05-09 22:24:08.142
22:24:10.946 12473 [Thread-19] INFO  ConcurrentTests$5.run rapla - T2 updating table 2
22:24:10.947 12474 [Thread-18] INFO  ConcurrentTests$MyRunnable.run rapla - T1 read table 2 again 2026-05-09 19:24:07.936
22:24:10.948 12475 [Thread-19] INFO  ConcurrentTests$5.run rapla - T2 updated table 22026-05-09 22:24:08.142
22:24:10.949 12476 [Thread-19] INFO  ConcurrentTests$5.run rapla - T2 commited
22:24:10.957 12484 [main] INFO  RaplaBootstrapLogger.logViaSlf4j rapla - Logging via SLF4J API.
22:24:11.672 13199 [main] INFO  RaplaBootstrapLogger.logViaSlf4j rapla - Logging via SLF4J API.
22:24:12.185 13712 [main] INFO  RaplaBootstrapLogger.logViaSlf4j rapla - Logging via SLF4J API.
22:24:12.914 14441 [main] INFO  RaplaBootstrapLogger.logViaSlf4j rapla - Logging via SLF4J API.
22:26:15.177 524  [main] INFO  Configurator.<clinit> n.fortuna.ical4j.util.Configurator - ical4j.properties not found.
22:26:18.512 3859 [main] INFO  RaplaBootstrapLogger.logViaSlf4j rapla - Logging via SLF4J API.
22:26:18.652 3999 [main] INFO  FileOperator.connect rapla - Connecting: file:/tmp/junit-15309924351162985471/rapla-data.xml
22:26:18.909 4256 [main] INFO  ConflictFinder.<init> rapla - Conflict initialization found 0 conflicts and took 2ms. 
22:26:19.132 4479 [main] INFO  RaplaBootstrapLogger.logViaSlf4j rapla - Logging via SLF4J API.
22:26:19.243 4590 [main] INFO  FileOperator.connect rapla - Connecting: file:/tmp/junit-1098580930519940855/rapla-data.xml
22:26:19.338 4685 [main] INFO  ConflictFinder.<init> rapla - Conflict initialization found 0 conflicts and took 1ms. 
22:26:19.444 4791 [main] INFO  RaplaBootstrapLogger.logViaSlf4j rapla - Logging via SLF4J API.
22:26:19.571 4918 [main] INFO  FileOperator.connect rapla - Connecting: file:/tmp/junit-1684122418552907052/rapla-data.xml
22:26:19.646 4993 [main] INFO  ConflictFinder.<init> rapla - Conflict initialization found 0 conflicts and took 1ms. 
22:26:19.730 5077 [main] INFO  RaplaBootstrapLogger.logViaSlf4j rapla - Logging via SLF4J API.
22:26:19.879 5226 [main] INFO  FileOperator.connect rapla - Connecting: file:/tmp/junit-5838636691874288089/rapla-data.xml
22:26:19.966 5313 [main] INFO  ConflictFinder.<init> rapla - Conflict initialization found 0 conflicts and took 1ms. 
22:26:20.023 5370 [main] INFO  RaplaBootstrapLogger.logViaSlf4j rapla - Logging via SLF4J API.
22:26:20.136 5483 [main] INFO  FileOperator.connect rapla - Connecting: file:/tmp/junit-6884785779757549971/rapla-data.xml
22:26:20.224 5571 [main] INFO  ConflictFinder.<init> rapla - Conflict initialization found 0 conflicts and took 1ms. 
22:26:20.296 5643 [main] INFO  RaplaBootstrapLogger.logViaSlf4j rapla - Logging via SLF4J API.
22:26:20.427 5774 [main] INFO  FileOperator.connect rapla - Connecting: file:/tmp/junit-4817075043465027052/rapla-data.xml
22:26:20.501 5848 [main] INFO  ConflictFinder.<init> rapla - Conflict initialization found 0 conflicts and took 0ms. 
22:26:20.554 5901 [main] INFO  RaplaBootstrapLogger.logViaSlf4j rapla - Logging via SLF4J API.
22:26:21.909 7256 [main] INFO  RaplaBootstrapLogger.logViaSlf4j rapla - Logging via SLF4J API.
22:26:21.916 7263 [Thread-18] INFO  ConcurrentTests$MyRunnable.run rapla - T1 start reading
22:26:21.918 7265 [Thread-18] INFO  ConcurrentTests$MyRunnable.run rapla - T1 read table 1 2026-05-09 19:26:21.914
22:26:22.117 7464 [Thread-19] INFO  ConcurrentTests$5.run rapla - T2 start writing
22:26:22.118 7465 [Thread-19] INFO  ConcurrentTests$5.run rapla - T2 updating table 1
22:26:24.920 10267 [Thread-18] INFO  ConcurrentTests$MyRunnable.run rapla - T1 read table 2 2026-05-09 19:26:21.914
22:26:24.921 10268 [Thread-19] INFO  ConcurrentTests$5.run rapla - T2 updated table 1 2026-05-09 22:26:22.117
22:26:24.922 10269 [Thread-19] INFO  ConcurrentTests$5.run rapla - T2 updating table 2
22:26:24.923 10270 [Thread-18] INFO  ConcurrentTests$MyRunnable.run rapla - T1 read table 2 again 2026-05-09 19:26:21.914
22:26:24.923 10270 [Thread-19] INFO  ConcurrentTests$5.run rapla - T2 updated table 22026-05-09 22:26:22.117
22:26:24.924 10271 [Thread-19] INFO  ConcurrentTests$5.run rapla - T2 commited
22:26:24.936 10283 [main] INFO  RaplaBootstrapLogger.logViaSlf4j rapla - Logging via SLF4J API.
22:26:25.657 11004 [main] INFO  RaplaBootstrapLogger.logViaSlf4j rapla - Logging via SLF4J API.
22:26:26.174 11521 [main] INFO  RaplaBootstrapLogger.logViaSlf4j rapla - Logging via SLF4J API.
22:26:26.902 12249 [main] INFO  RaplaBootstrapLogger.logViaSlf4j rapla - Logging via SLF4J API.
22:28:03.584 652  [main] INFO  Configurator.<clinit> n.fortuna.ical4j.util.Configurator - ical4j.properties not found.
22:28:08.677 5745 [main] INFO  RaplaBootstrapLogger.logViaSlf4j rapla - Logging via SLF4J API.
22:28:08.806 5874 [main] INFO  FileOperator.connect rapla - Connecting: file:/tmp/junit-2080868912413373885/rapla-data.xml
22:28:09.066 6134 [main] INFO  ConflictFinder.<init> rapla - Conflict initialization found 0 conflicts and took 2ms. 
22:28:09.304 6372 [main] INFO  RaplaBootstrapLogger.logViaSlf4j rapla - Logging via SLF4J API.
22:28:09.419 6487 [main] INFO  FileOperator.connect rapla - Connecting: file:/tmp/junit-706076194570699713/rapla-data.xml
22:28:09.536 6604 [main] INFO  ConflictFinder.<init> rapla - Conflict initialization found 0 conflicts and took 0ms. 
22:28:09.620 6688 [main] INFO  RaplaBootstrapLogger.logViaSlf4j rapla - Logging via SLF4J API.
22:28:09.741 6809 [main] INFO  FileOperator.connect rapla - Connecting: file:/tmp/junit-16165877557180797144/rapla-data.xml
22:28:09.832 6900 [main] INFO  ConflictFinder.<init> rapla - Conflict initialization found 0 conflicts and took 0ms. 
22:28:09.916 6984 [main] INFO  RaplaBootstrapLogger.logViaSlf4j rapla - Logging via SLF4J API.
22:28:10.039 7107 [main] INFO  FileOperator.connect rapla - Connecting: file:/tmp/junit-13778466480521187917/rapla-data.xml
22:28:10.114 7182 [main] INFO  ConflictFinder.<init> rapla - Conflict initialization found 0 conflicts and took 1ms. 
22:28:10.187 7255 [main] INFO  RaplaBootstrapLogger.logViaSlf4j rapla - Logging via SLF4J API.
22:28:10.309 7377 [main] INFO  FileOperator.connect rapla - Connecting: file:/tmp/junit-7782046349730452956/rapla-data.xml
22:28:10.389 7457 [main] INFO  ConflictFinder.<init> rapla - Conflict initialization found 0 conflicts and took 0ms. 
22:28:10.475 7543 [main] INFO  RaplaBootstrapLogger.logViaSlf4j rapla - Logging via SLF4J API.
22:28:10.597 7665 [main] INFO  FileOperator.connect rapla - Connecting: file:/tmp/junit-9368336665958716707/rapla-data.xml
22:28:10.659 7727 [main] INFO  ConflictFinder.<init> rapla - Conflict initialization found 0 conflicts and took 0ms. 
22:28:10.740 7808 [main] INFO  RaplaBootstrapLogger.logViaSlf4j rapla - Logging via SLF4J API.
22:28:12.133 9201 [main] INFO  RaplaBootstrapLogger.logViaSlf4j rapla - Logging via SLF4J API.
22:28:12.140 9208 [Thread-18] INFO  ConcurrentTests$MyRunnable.run rapla - T1 start reading
22:28:12.142 9210 [Thread-18] INFO  ConcurrentTests$MyRunnable.run rapla - T1 read table 1 2026-05-09 19:28:12.138
22:28:12.340 9408 [Thread-19] INFO  ConcurrentTests$5.run rapla - T2 start writing
22:28:12.342 9410 [Thread-19] INFO  ConcurrentTests$5.run rapla - T2 updating table 1
22:28:15.144 12212 [Thread-18] INFO  ConcurrentTests$MyRunnable.run rapla - T1 read table 2 2026-05-09 19:28:12.138
22:28:15.145 12213 [Thread-19] INFO  ConcurrentTests$5.run rapla - T2 updated table 1 2026-05-09 22:28:12.341
22:28:15.146 12214 [Thread-19] INFO  ConcurrentTests$5.run rapla - T2 updating table 2
22:28:15.147 12215 [Thread-18] INFO  ConcurrentTests$MyRunnable.run rapla - T1 read table 2 again 2026-05-09 19:28:12.138
22:28:15.148 12216 [Thread-19] INFO  ConcurrentTests$5.run rapla - T2 updated table 22026-05-09 22:28:12.341
22:28:15.148 12216 [Thread-19] INFO  ConcurrentTests$5.run rapla - T2 commited
22:28:15.161 12229 [main] INFO  RaplaBootstrapLogger.logViaSlf4j rapla - Logging via SLF4J API.
22:28:15.879 12947 [main] INFO  RaplaBootstrapLogger.logViaSlf4j rapla - Logging via SLF4J API.
22:28:16.395 13463 [main] INFO  RaplaBootstrapLogger.logViaSlf4j rapla - Logging via SLF4J API.
22:28:17.120 14188 [main] INFO  RaplaBootstrapLogger.logViaSlf4j rapla - Logging via SLF4J API.
22:29:58.454 707  [main] INFO  Configurator.<clinit> n.fortuna.ical4j.util.Configurator - ical4j.properties not found.
22:30:03.821 6074 [main] INFO  RaplaBootstrapLogger.logViaSlf4j rapla - Logging via SLF4J API.
22:30:03.957 6210 [main] INFO  FileOperator.connect rapla - Connecting: file:/tmp/junit-12438777299411536229/rapla-data.xml
22:30:04.214 6467 [main] INFO  ConflictFinder.<init> rapla - Conflict initialization found 0 conflicts and took 3ms. 
22:30:04.460 6713 [main] INFO  RaplaBootstrapLogger.logViaSlf4j rapla - Logging via SLF4J API.
22:30:04.578 6831 [main] INFO  FileOperator.connect rapla - Connecting: file:/tmp/junit-12590290827534736227/rapla-data.xml
22:30:04.669 6922 [main] INFO  ConflictFinder.<init> rapla - Conflict initialization found 0 conflicts and took 0ms. 
22:30:04.751 7004 [main] INFO  RaplaBootstrapLogger.logViaSlf4j rapla - Logging via SLF4J API.
22:30:04.859 7112 [main] INFO  FileOperator.connect rapla - Connecting: file:/tmp/junit-15123268897699389937/rapla-data.xml
22:30:04.940 7193 [main] INFO  ConflictFinder.<init> rapla - Conflict initialization found 0 conflicts and took 0ms. 
22:30:05.012 7265 [main] INFO  RaplaBootstrapLogger.logViaSlf4j rapla - Logging via SLF4J API.
22:30:05.140 7393 [main] INFO  FileOperator.connect rapla - Connecting: file:/tmp/junit-5298537496118330360/rapla-data.xml
22:30:05.234 7487 [main] INFO  ConflictFinder.<init> rapla - Conflict initialization found 0 conflicts and took 0ms. 
22:30:05.298 7551 [main] INFO  RaplaBootstrapLogger.logViaSlf4j rapla - Logging via SLF4J API.
22:30:05.406 7659 [main] INFO  FileOperator.connect rapla - Connecting: file:/tmp/junit-8365048842939270678/rapla-data.xml
22:30:05.476 7729 [main] INFO  ConflictFinder.<init> rapla - Conflict initialization found 0 conflicts and took 0ms. 
22:30:05.544 7797 [main] INFO  RaplaBootstrapLogger.logViaSlf4j rapla - Logging via SLF4J API.
22:30:05.656 7909 [main] INFO  FileOperator.connect rapla - Connecting: file:/tmp/junit-10667463578270147659/rapla-data.xml
22:30:05.715 7968 [main] INFO  ConflictFinder.<init> rapla - Conflict initialization found 0 conflicts and took 1ms. 
22:30:05.774 8027 [main] INFO  RaplaBootstrapLogger.logViaSlf4j rapla - Logging via SLF4J API.
22:30:07.143 9396 [main] INFO  RaplaBootstrapLogger.logViaSlf4j rapla - Logging via SLF4J API.
22:30:07.150 9403 [Thread-18] INFO  ConcurrentTests$MyRunnable.run rapla - T1 start reading
22:30:07.153 9406 [Thread-18] INFO  ConcurrentTests$MyRunnable.run rapla - T1 read table 1 2026-05-09 19:30:07.147
22:30:07.350 9603 [Thread-19] INFO  ConcurrentTests$5.run rapla - T2 start writing
22:30:07.351 9604 [Thread-19] INFO  ConcurrentTests$5.run rapla - T2 updating table 1
22:30:10.155 12408 [Thread-18] INFO  ConcurrentTests$MyRunnable.run rapla - T1 read table 2 2026-05-09 19:30:07.147
22:30:10.156 12409 [Thread-19] INFO  ConcurrentTests$5.run rapla - T2 updated table 1 2026-05-09 22:30:07.351
22:30:10.157 12410 [Thread-19] INFO  ConcurrentTests$5.run rapla - T2 updating table 2
22:30:10.157 12410 [Thread-18] INFO  ConcurrentTests$MyRunnable.run rapla - T1 read table 2 again 2026-05-09 19:30:07.147
22:30:10.158 12411 [Thread-19] INFO  ConcurrentTests$5.run rapla - T2 updated table 22026-05-09 22:30:07.351
22:30:10.162 12415 [Thread-19] INFO  ConcurrentTests$5.run rapla - T2 commited
22:30:10.174 12427 [main] INFO  RaplaBootstrapLogger.logViaSlf4j rapla - Logging via SLF4J API.
22:30:10.903 13156 [main] INFO  RaplaBootstrapLogger.logViaSlf4j rapla - Logging via SLF4J API.
22:30:11.428 13681 [main] INFO  RaplaBootstrapLogger.logViaSlf4j rapla - Logging via SLF4J API.
22:30:12.168 14421 [main] INFO  RaplaBootstrapLogger.logViaSlf4j rapla - Logging via SLF4J API.
22:34:56.940 669  [main] INFO  Configurator.<clinit> n.fortuna.ical4j.util.Configurator - ical4j.properties not found.
22:35:02.209 5938 [main] INFO  RaplaBootstrapLogger.logViaSlf4j rapla - Logging via SLF4J API.
22:35:02.365 6094 [main] INFO  FileOperator.connect rapla - Connecting: file:/tmp/junit-9565973400209629960/rapla-data.xml
22:35:02.655 6384 [main] INFO  ConflictFinder.<init> rapla - Conflict initialization found 0 conflicts and took 2ms. 
22:35:02.945 6674 [main] INFO  RaplaBootstrapLogger.logViaSlf4j rapla - Logging via SLF4J API.
22:35:03.071 6800 [main] INFO  FileOperator.connect rapla - Connecting: file:/tmp/junit-12547722716758628113/rapla-data.xml
22:35:03.184 6913 [main] INFO  ConflictFinder.<init> rapla - Conflict initialization found 0 conflicts and took 0ms. 
22:35:03.303 7032 [main] INFO  RaplaBootstrapLogger.logViaSlf4j rapla - Logging via SLF4J API.
22:35:03.457 7186 [main] INFO  FileOperator.connect rapla - Connecting: file:/tmp/junit-6437940246714169075/rapla-data.xml
22:35:03.570 7299 [main] INFO  ConflictFinder.<init> rapla - Conflict initialization found 0 conflicts and took 0ms. 
22:35:03.704 7433 [main] INFO  RaplaBootstrapLogger.logViaSlf4j rapla - Logging via SLF4J API.
22:35:03.863 7592 [main] INFO  FileOperator.connect rapla - Connecting: file:/tmp/junit-9832382658857190062/rapla-data.xml
22:35:03.968 7697 [main] INFO  ConflictFinder.<init> rapla - Conflict initialization found 0 conflicts and took 0ms. 
22:35:04.051 7780 [main] INFO  RaplaBootstrapLogger.logViaSlf4j rapla - Logging via SLF4J API.
22:35:04.177 7906 [main] INFO  FileOperator.connect rapla - Connecting: file:/tmp/junit-4575619213062112013/rapla-data.xml
22:35:04.260 7989 [main] INFO  ConflictFinder.<init> rapla - Conflict initialization found 0 conflicts and took 0ms. 
22:35:04.334 8063 [main] INFO  RaplaBootstrapLogger.logViaSlf4j rapla - Logging via SLF4J API.
22:35:04.471 8200 [main] INFO  FileOperator.connect rapla - Connecting: file:/tmp/junit-14024010795652491012/rapla-data.xml
22:35:04.560 8289 [main] INFO  ConflictFinder.<init> rapla - Conflict initialization found 0 conflicts and took 0ms. 
22:35:04.637 8366 [main] INFO  RaplaBootstrapLogger.logViaSlf4j rapla - Logging via SLF4J API.
22:35:06.073 9802 [main] INFO  RaplaBootstrapLogger.logViaSlf4j rapla - Logging via SLF4J API.
22:35:06.079 9808 [Thread-18] INFO  ConcurrentTests$MyRunnable.run rapla - T1 start reading
22:35:06.082 9811 [Thread-18] INFO  ConcurrentTests$MyRunnable.run rapla - T1 read table 1 2026-05-09 19:35:06.076
22:35:06.280 10009 [Thread-19] INFO  ConcurrentTests$5.run rapla - T2 start writing
22:35:06.281 10010 [Thread-19] INFO  ConcurrentTests$5.run rapla - T2 updating table 1
22:35:09.083 12812 [Thread-18] INFO  ConcurrentTests$MyRunnable.run rapla - T1 read table 2 2026-05-09 19:35:06.076
22:35:09.084 12813 [Thread-19] INFO  ConcurrentTests$5.run rapla - T2 updated table 1 2026-05-09 22:35:06.281
22:35:09.085 12814 [Thread-19] INFO  ConcurrentTests$5.run rapla - T2 updating table 2
22:35:09.086 12815 [Thread-18] INFO  ConcurrentTests$MyRunnable.run rapla - T1 read table 2 again 2026-05-09 19:35:06.076
22:35:09.086 12815 [Thread-19] INFO  ConcurrentTests$5.run rapla - T2 updated table 22026-05-09 22:35:06.281
22:35:09.087 12816 [Thread-19] INFO  ConcurrentTests$5.run rapla - T2 commited
22:35:09.093 12822 [main] INFO  RaplaBootstrapLogger.logViaSlf4j rapla - Logging via SLF4J API.
22:35:09.817 13546 [main] INFO  RaplaBootstrapLogger.logViaSlf4j rapla - Logging via SLF4J API.
22:35:10.339 14068 [main] INFO  RaplaBootstrapLogger.logViaSlf4j rapla - Logging via SLF4J API.
22:35:11.068 14797 [main] INFO  RaplaBootstrapLogger.logViaSlf4j rapla - Logging via SLF4J API.
